"accept"
"accept-language"
"anthropic-beta"
"anthropic-version"
"authorization"
"cf-ipcountry"
"cf-ray"
"content-disposition"
"content-encoding"
"content-type"
"location"
"mj-api-secret"
"origin"
"originator"
"sec-websocket-extensions"
"sec-websocket-key"
"sec-websocket-protocol"
"sec-websocket-version"
"session_id"
"x-api-key"
"x-codex-beta-features"
"x-forwarded-proto"
"x-forwarded-protocol"
"x-goog-api-key"
"x-group"
"x-plugin"
"x-security-proof"
