adminGroup := userGroup.Group("", middleware.AdminAuth())
apiRouter.GET("/task_plugin_options", middleware.AdminAuth(), middleware.RequirePermission(authz.TaskPluginBind), controller.GetTaskPluginOptions)
channelGroup := apiRouter.Group("/channel", middleware.SyncAuth(common.RoleAdminUser))
chKey := dto.NewRouter(engine, channelGroup.Group("", middleware.RootAuth(), middleware.CriticalRateLimit(), middleware.DisableCache(), middleware.SecureVerificationRequired()), "Channel", secDashboard())
mjAdmin := dto.NewRouter(engine, mjGroup.Group("", middleware.AdminAuth()), "Midjourney", secDashboard())
publicAdminSystem := dto.NewRouter(engine, apiRouter.Group("", middleware.AdminAuth()), "System", secDashboard())
systemTaskGroup := apiRouter.Group("/system-task", middleware.RootAuth())
